{
  "version": "1.5.0",
  "plugins_used": [
    {
      "name": "ArtifactoryDetector"
    },
    {
      "name": "AWSKeyDetector"
    },
    {
      "name": "AzureStorageKeyDetector"
    },
    {
      "name": "Base64HighEntropyString",
      "limit": 4.5
    },
    {
      "name": "BasicAuthDetector"
    },
    {
      "name": "CloudantDetector"
    },
    {
      "name": "DiscordBotTokenDetector"
    },
    {
      "name": "GitHubTokenDetector"
    },
    {
      "name": "GitLabTokenDetector"
    },
    {
      "name": "HexHighEntropyString",
      "limit": 3.0
    },
    {
      "name": "IbmCloudIamDetector"
    },
    {
      "name": "IbmCosHmacDetector"
    },
    {
      "name": "IPPublicDetector"
    },
    {
      "name": "JwtTokenDetector"
    },
    {
      "name": "KeywordDetector",
      "keyword_exclude": ""
    },
    {
      "name": "MailchimpDetector"
    },
    {
      "name": "NpmDetector"
    },
    {
      "name": "OpenAIDetector"
    },
    {
      "name": "PrivateKeyDetector"
    },
    {
      "name": "PypiTokenDetector"
    },
    {
      "name": "SendGridDetector"
    },
    {
      "name": "SlackDetector"
    },
    {
      "name": "SoftlayerDetector"
    },
    {
      "name": "SquareOAuthDetector"
    },
    {
      "name": "StripeDetector"
    },
    {
      "name": "TelegramBotTokenDetector"
    },
    {
      "name": "TwilioKeyDetector"
    }
  ],
  "filters_used": [
    {
      "path": "detect_secrets.filters.allowlist.is_line_allowlisted"
    },
    {
      "path": "detect_secrets.filters.heuristic.is_indirect_reference"
    },
    {
      "path": "detect_secrets.filters.heuristic.is_likely_id_string"
    },
    {
      "path": "detect_secrets.filters.heuristic.is_lock_file"
    },
    {
      "path": "detect_secrets.filters.heuristic.is_not_alphanumeric_string"
    },
    {
      "path": "detect_secrets.filters.heuristic.is_potential_uuid"
    },
    {
      "path": "detect_secrets.filters.heuristic.is_prefixed_with_dollar_sign"
    },
    {
      "path": "detect_secrets.filters.heuristic.is_sequential_string"
    },
    {
      "path": "detect_secrets.filters.heuristic.is_swagger_file"
    },
    {
      "path": "detect_secrets.filters.heuristic.is_templated_secret"
    },
    {
      "path": "detect_secrets.filters.regex.should_exclude_file",
      "pattern": [
        "\\.venv/.*",
        "\\.pytest_cache/.*",
        "\\.mypy_cache/.*",
        "\\.ruff_cache/.*",
        "^\\.secrets\\.baseline$",
        "__pycache__/.*",
        "rag-testing/stress_test_results.*"
      ]
    }
  ],
  "results": {
    "cloudbuild.terraform-apply.yaml": [
      {
        "type": "Secret Keyword",
        "filename": "cloudbuild.terraform-apply.yaml",
        "hashed_secret": "71f8e7976e4cbc4561c9d62fb283e7f788202acb",
        "is_verified": false,
        "line_number": 20
      }
    ],
    "cloudbuild.terraform-plan.yaml": [
      {
        "type": "Secret Keyword",
        "filename": "cloudbuild.terraform-plan.yaml",
        "hashed_secret": "71f8e7976e4cbc4561c9d62fb283e7f788202acb",
        "is_verified": false,
        "line_number": 13
      }
    ],
    "scripts/release_controller.py": [
      {
        "type": "Base64 High Entropy String",
        "filename": "scripts/release_controller.py",
        "hashed_secret": "a02e203301bfed4a153c39e0358b8438e1320ceb",
        "is_verified": false,
        "line_number": 166
      },
      {
        "type": "Hex High Entropy String",
        "filename": "scripts/release_controller.py",
        "hashed_secret": "618f759154aea8145e6f34a488adf9140fa524c4",
        "is_verified": false,
        "line_number": 597
      },
      {
        "type": "Hex High Entropy String",
        "filename": "scripts/release_controller.py",
        "hashed_secret": "6e5e4caa0038eadfb78dae427e175cc2045ce103",
        "is_verified": false,
        "line_number": 598
      },
      {
        "type": "Hex High Entropy String",
        "filename": "scripts/release_controller.py",
        "hashed_secret": "29ddfc45983fcf4efd62b3448b739112539e3179",
        "is_verified": false,
        "line_number": 599
      },
      {
        "type": "Hex High Entropy String",
        "filename": "scripts/release_controller.py",
        "hashed_secret": "a11dafc141304f9841e10c6b259767151fc38b16",
        "is_verified": false,
        "line_number": 600
      },
      {
        "type": "Hex High Entropy String",
        "filename": "scripts/release_controller.py",
        "hashed_secret": "1bb03614c96aab2a1e2ce95d533b52696fe8b02d",
        "is_verified": false,
        "line_number": 601
      },
      {
        "type": "Hex High Entropy String",
        "filename": "scripts/release_controller.py",
        "hashed_secret": "4e1e221c47e9349ff492b8926eaa6efc503a5e70",
        "is_verified": false,
        "line_number": 602
      },
      {
        "type": "Hex High Entropy String",
        "filename": "scripts/release_controller.py",
        "hashed_secret": "b20fe45dad56a9161c34df9a5eab781c58493ffc",
        "is_verified": false,
        "line_number": 604
      },
      {
        "type": "Hex High Entropy String",
        "filename": "scripts/release_controller.py",
        "hashed_secret": "11aaa8e4126bd990b89e391ee204b9bfc6b61f4e",
        "is_verified": false,
        "line_number": 605
      },
      {
        "type": "Hex High Entropy String",
        "filename": "scripts/release_controller.py",
        "hashed_secret": "08682ce2391cecdbac775a1687c653a71e57f130",
        "is_verified": false,
        "line_number": 606
      },
      {
        "type": "Hex High Entropy String",
        "filename": "scripts/release_controller.py",
        "hashed_secret": "9ffe76e1389e12494a4167a7e5755c0662e09a0d",
        "is_verified": false,
        "line_number": 607
      },
      {
        "type": "Hex High Entropy String",
        "filename": "scripts/release_controller.py",
        "hashed_secret": "30dc8e3e84bf1e721f3ee1e6cde4f38ec8105d35",
        "is_verified": false,
        "line_number": 608
      },
      {
        "type": "Hex High Entropy String",
        "filename": "scripts/release_controller.py",
        "hashed_secret": "dc21d57a5a8d24b2158a9b62e5d2522ade834e39",
        "is_verified": false,
        "line_number": 609
      },
      {
        "type": "Secret Keyword",
        "filename": "scripts/release_controller.py",
        "hashed_secret": "dc21d57a5a8d24b2158a9b62e5d2522ade834e39",
        "is_verified": false,
        "line_number": 609
      },
      {
        "type": "Hex High Entropy String",
        "filename": "scripts/release_controller.py",
        "hashed_secret": "c48c57de5223a578aab4ee302b1f7d669831c30e",
        "is_verified": false,
        "line_number": 610
      },
      {
        "type": "Secret Keyword",
        "filename": "scripts/release_controller.py",
        "hashed_secret": "c48c57de5223a578aab4ee302b1f7d669831c30e",
        "is_verified": false,
        "line_number": 610
      },
      {
        "type": "Hex High Entropy String",
        "filename": "scripts/release_controller.py",
        "hashed_secret": "5744129e522d346ac9ab993e62245b391c6edc1e",
        "is_verified": false,
        "line_number": 611
      },
      {
        "type": "Hex High Entropy String",
        "filename": "scripts/release_controller.py",
        "hashed_secret": "b6cbc14bc44e8a5a35fd20f6223545ebd4b29d8e",
        "is_verified": false,
        "line_number": 612
      },
      {
        "type": "Hex High Entropy String",
        "filename": "scripts/release_controller.py",
        "hashed_secret": "6917228178531e787bb67a45f96a7cb2eed77dc9",
        "is_verified": false,
        "line_number": 613
      },
      {
        "type": "Hex High Entropy String",
        "filename": "scripts/release_controller.py",
        "hashed_secret": "c2d273aa8c63d0abacd1e2fb3834f901bf080924",
        "is_verified": false,
        "line_number": 614
      },
      {
        "type": "Private Key",
        "filename": "scripts/release_controller.py",
        "hashed_secret": "1348b145fa1a555461c1b790a2f66614781091e9",
        "is_verified": false,
        "line_number": 1141
      }
    ],
    "tests/e2e/test_ticket_staging.py": [
      {
        "type": "Secret Keyword",
        "filename": "tests/e2e/test_ticket_staging.py",
        "hashed_secret": "f7b5edf9ca1ccd4182564470e18eeb87d7f6dc4d",
        "is_verified": false,
        "line_number": 574
      },
      {
        "type": "Secret Keyword",
        "filename": "tests/e2e/test_ticket_staging.py",
        "hashed_secret": "5bd07f33683cada46ed0a6a623c9fd62fc71c03b",
        "is_verified": false,
        "line_number": 575
      },
      {
        "type": "Secret Keyword",
        "filename": "tests/e2e/test_ticket_staging.py",
        "hashed_secret": "ca2b1df486a5fb9de1ba256987a925ac34f6fb5c",
        "is_verified": false,
        "line_number": 576
      },
      {
        "type": "Secret Keyword",
        "filename": "tests/e2e/test_ticket_staging.py",
        "hashed_secret": "db54ec505d0f09ca600703b1af76bfff3ab79af9",
        "is_verified": false,
        "line_number": 577
      },
      {
        "type": "Secret Keyword",
        "filename": "tests/e2e/test_ticket_staging.py",
        "hashed_secret": "d342f13acff313a0a16f20db8230f072bddca48c",
        "is_verified": false,
        "line_number": 578
      },
      {
        "type": "Secret Keyword",
        "filename": "tests/e2e/test_ticket_staging.py",
        "hashed_secret": "50630632e3621be90d930ce07ccaf027f5a6f5fc",
        "is_verified": false,
        "line_number": 590
      },
      {
        "type": "Secret Keyword",
        "filename": "tests/e2e/test_ticket_staging.py",
        "hashed_secret": "62ff644455eee32a8019ed04aeb08ed7d42d9551",
        "is_verified": false,
        "line_number": 611
      }
    ],
    "tests/test_api.py": [
      {
        "type": "Basic Auth Credentials",
        "filename": "tests/test_api.py",
        "hashed_secret": "f8a8e4a4a474a7a72cd7184c8ef5e1ddd8abe9d9",
        "is_verified": false,
        "line_number": 902
      }
    ],
    "tests/test_app_role_startup.py": [
      {
        "type": "Secret Keyword",
        "filename": "tests/test_app_role_startup.py",
        "hashed_secret": "25a2cef56d33269932285bcbfbfe0d709fc72cab",
        "is_verified": false,
        "line_number": 229
      },
      {
        "type": "Secret Keyword",
        "filename": "tests/test_app_role_startup.py",
        "hashed_secret": "120347a10b14ccc5f4ef3541f1789b8e240c0172",
        "is_verified": false,
        "line_number": 230
      },
      {
        "type": "Secret Keyword",
        "filename": "tests/test_app_role_startup.py",
        "hashed_secret": "b9d6135b99a1ff2e306d36ca5f386b75a9911ba2",
        "is_verified": false,
        "line_number": 313
      },
      {
        "type": "Secret Keyword",
        "filename": "tests/test_app_role_startup.py",
        "hashed_secret": "3ebbc50a7f782f1b682b9e29c3941e9193f0218c",
        "is_verified": false,
        "line_number": 475
      }
    ],
    "tests/test_config_runtime_invariants.py": [
      {
        "type": "Basic Auth Credentials",
        "filename": "tests/test_config_runtime_invariants.py",
        "hashed_secret": "e5e9fa1ba31ecd1ae84f75caaa474f3a663f05f4",
        "is_verified": false,
        "line_number": 97
      }
    ],
    "tests/test_forusbots_client.py": [
      {
        "type": "Basic Auth Credentials",
        "filename": "tests/test_forusbots_client.py",
        "hashed_secret": "f8a8e4a4a474a7a72cd7184c8ef5e1ddd8abe9d9",
        "is_verified": false,
        "line_number": 772
      }
    ],
    "tests/test_metrics_security.py": [
      {
        "type": "Hex High Entropy String",
        "filename": "tests/test_metrics_security.py",
        "hashed_secret": "039d7d71ebb348a53df7ca0a75b57d79771e3d8d",
        "is_verified": false,
        "line_number": 167
      }
    ],
    "tests/test_pinecone_uploader.py": [
      {
        "type": "Secret Keyword",
        "filename": "tests/test_pinecone_uploader.py",
        "hashed_secret": "a94a8fe5ccb19ba61c4c0873d391e987982fbbd3",
        "is_verified": false,
        "line_number": 24
      }
    ],
    "tests/test_release_controller.py": [
      {
        "type": "Secret Keyword",
        "filename": "tests/test_release_controller.py",
        "hashed_secret": "586cbf6adf67d60ed200e4839d6c3de9f25536ad",
        "is_verified": false,
        "line_number": 1824
      },
      {
        "type": "Secret Keyword",
        "filename": "tests/test_release_controller.py",
        "hashed_secret": "00e56592847725dd4d23d07ece7b63cef82a4a96",
        "is_verified": false,
        "line_number": 2740
      },
      {
        "type": "Secret Keyword",
        "filename": "tests/test_release_controller.py",
        "hashed_secret": "7deeb1b520a95d17eb2f4cf59b05d5c5f9e71e4d",
        "is_verified": false,
        "line_number": 2809
      },
      {
        "type": "Secret Keyword",
        "filename": "tests/test_release_controller.py",
        "hashed_secret": "7798fac8f4147f3a2621eabd66ddff06b9654a72",
        "is_verified": false,
        "line_number": 3050
      }
    ],
    "tests/test_release_manifests.py": [
      {
        "type": "Hex High Entropy String",
        "filename": "tests/test_release_manifests.py",
        "hashed_secret": "e4f91dd323bac5bfc4f60a6e433787671dc2421d",
        "is_verified": false,
        "line_number": 80
      },
      {
        "type": "Secret Keyword",
        "filename": "tests/test_release_manifests.py",
        "hashed_secret": "e5eb83fb92b71f74aec9eed0e0195f379a08041e",
        "is_verified": false,
        "line_number": 94
      },
      {
        "type": "Hex High Entropy String",
        "filename": "tests/test_release_manifests.py",
        "hashed_secret": "72e2dc1ad9450cdb2ce0432b4a74cbdc0ce3726f",
        "is_verified": false,
        "line_number": 1055
      },
      {
        "type": "Hex High Entropy String",
        "filename": "tests/test_release_manifests.py",
        "hashed_secret": "3cb9117434e77489349dc7932300d277629797f2",
        "is_verified": false,
        "line_number": 1059
      },
      {
        "type": "Hex High Entropy String",
        "filename": "tests/test_release_manifests.py",
        "hashed_secret": "76b600497964bbf29eb0edcbae1bdac74d104b25",
        "is_verified": false,
        "line_number": 1063
      },
      {
        "type": "Hex High Entropy String",
        "filename": "tests/test_release_manifests.py",
        "hashed_secret": "21fa43e76767aa92fab6823c052eca210067fc86",
        "is_verified": false,
        "line_number": 1068
      },
      {
        "type": "Hex High Entropy String",
        "filename": "tests/test_release_manifests.py",
        "hashed_secret": "8e642e6996c02bdef1042c30f6cc9d3365b7ab7b",
        "is_verified": false,
        "line_number": 1072
      }
    ],
    "tests/test_runtime_log_privacy.py": [
      {
        "type": "Hex High Entropy String",
        "filename": "tests/test_runtime_log_privacy.py",
        "hashed_secret": "b1775a785f09a6ebaf2dc33d6eaeb98974d9cdb8",
        "is_verified": false,
        "line_number": 90
      },
      {
        "type": "Secret Keyword",
        "filename": "tests/test_runtime_log_privacy.py",
        "hashed_secret": "752577a36ca9dcf0aa4c635d8127bcd0c68b8836",
        "is_verified": false,
        "line_number": 241
      },
      {
        "type": "Basic Auth Credentials",
        "filename": "tests/test_runtime_log_privacy.py",
        "hashed_secret": "e5e9fa1ba31ecd1ae84f75caaa474f3a663f05f4",
        "is_verified": false,
        "line_number": 241
      }
    ],
    "tests/test_secrets_baseline.py": [
      {
        "type": "Secret Keyword",
        "filename": "tests/test_secrets_baseline.py",
        "hashed_secret": "ac4ae97285c19b13201deb9b192d921316db3447",
        "is_verified": false,
        "line_number": 21
      },
      {
        "type": "Secret Keyword",
        "filename": "tests/test_secrets_baseline.py",
        "hashed_secret": "2fe0bc0f5e73ef1aad78b448d3580631c94d4619",
        "is_verified": false,
        "line_number": 33
      },
      {
        "type": "Secret Keyword",
        "filename": "tests/test_secrets_baseline.py",
        "hashed_secret": "c58de7aa994839d69a335ec08d0fccd801094e5f",
        "is_verified": false,
        "line_number": 98
      }
    ],
    "tests/test_smoke_deployed_ticket.py": [
      {
        "type": "Basic Auth Credentials",
        "filename": "tests/test_smoke_deployed_ticket.py",
        "hashed_secret": "9d4e1e23bd5b727046a9e3b4b7db57bd8d6ee684",
        "is_verified": false,
        "line_number": 64
      }
    ],
    "tests/test_staging_e2e_harness_contract.py": [
      {
        "type": "Secret Keyword",
        "filename": "tests/test_staging_e2e_harness_contract.py",
        "hashed_secret": "d6818da717fb2807ce8557b70d9c82e3effbd523",
        "is_verified": false,
        "line_number": 125
      },
      {
        "type": "Secret Keyword",
        "filename": "tests/test_staging_e2e_harness_contract.py",
        "hashed_secret": "f8a8e4a4a474a7a72cd7184c8ef5e1ddd8abe9d9",
        "is_verified": false,
        "line_number": 128
      }
    ],
    "tests/test_staging_fault_injection.py": [
      {
        "type": "Secret Keyword",
        "filename": "tests/test_staging_fault_injection.py",
        "hashed_secret": "59737b5f9df5c80e2e5f174fec23eacd928bf6ee",
        "is_verified": false,
        "line_number": 27
      },
      {
        "type": "Secret Keyword",
        "filename": "tests/test_staging_fault_injection.py",
        "hashed_secret": "195ebcf2d91256981b9f788bcd0707dbfc1b3b3d",
        "is_verified": false,
        "line_number": 116
      }
    ],
    "tests/test_ticket_differential.py": [
      {
        "type": "Secret Keyword",
        "filename": "tests/test_ticket_differential.py",
        "hashed_secret": "c622c4eae3ccbb75522e3e9ffb05c13f6766fb1e",
        "is_verified": false,
        "line_number": 406
      },
      {
        "type": "Secret Keyword",
        "filename": "tests/test_ticket_differential.py",
        "hashed_secret": "4136fd983a90e702ae01758486f1115ec6fd9e61",
        "is_verified": false,
        "line_number": 407
      },
      {
        "type": "Secret Keyword",
        "filename": "tests/test_ticket_differential.py",
        "hashed_secret": "4a55706dd8b05b74b9da651f2f35f46ea5ce827a",
        "is_verified": false,
        "line_number": 683
      },
      {
        "type": "Secret Keyword",
        "filename": "tests/test_ticket_differential.py",
        "hashed_secret": "a7f428eb31760ff69dcd870969bd2d6f64d16bfd",
        "is_verified": false,
        "line_number": 684
      }
    ]
  },
  "generated_at": "2026-07-21T19:52:47Z"
}
